============================= test session starts =============================
platform win32 -- Python 3.11.9, pytest-9.0.2, pluggy-1.6.0 -- C:\Users\HP\AppData\Local\Programs\Python\Python311\python.exe
cachedir: .pytest_cache
rootdir: D:\Downloads\finance-tracker
configfile: pytest.ini
plugins: anyio-4.12.1, asyncio-1.3.0, xdist-3.8.0
asyncio: mode=Mode.STRICT, debug=False, asyncio_default_fixture_loop_scope=None, asyncio_default_test_loop_scope=function
collecting ... collected 60 items

tests/test_analytics.py::TestSummary::test_summary_correct_values FAILED [  1%]
tests/test_analytics.py::TestSummary::test_summary_empty_db PASSED       [  3%]
tests/test_analytics.py::TestSummary::test_viewer_can_access_summary PASSED [  5%]
tests/test_analytics.py::TestSummary::test_unauthenticated_blocked PASSED [  6%]
tests/test_analytics.py::TestCategoryBreakdown::test_breakdown_structure FAILED [  8%]
tests/test_analytics.py::TestCategoryBreakdown::test_percentages_sum_to_100 FAILED [ 10%]
tests/test_analytics.py::TestCategoryBreakdown::test_viewer_blocked_from_categories PASSED [ 11%]
tests/test_analytics.py::TestMonthlyTotals::test_monthly_values_correct FAILED [ 13%]
tests/test_analytics.py::TestMonthlyTotals::test_viewer_blocked_from_monthly PASSED [ 15%]
tests/test_analytics.py::TestDashboard::test_dashboard_shape PASSED      [ 16%]
tests/test_auth.py::TestRegister::test_register_success PASSED           [ 18%]
tests/test_auth.py::TestRegister::test_register_default_role_is_viewer PASSED [ 20%]
tests/test_auth.py::TestRegister::test_register_duplicate_username PASSED [ 21%]
tests/test_auth.py::TestRegister::test_register_duplicate_email PASSED   [ 23%]
tests/test_auth.py::TestRegister::test_register_short_password PASSED    [ 25%]
tests/test_auth.py::TestRegister::test_register_invalid_email PASSED     [ 26%]
tests/test_auth.py::TestLogin::test_login_success PASSED                 [ 28%]
tests/test_auth.py::TestLogin::test_login_wrong_password PASSED          [ 30%]
tests/test_auth.py::TestLogin::test_login_nonexistent_user PASSED        [ 31%]
tests/test_auth.py::TestMe::test_me_returns_current_user PASSED          [ 33%]
tests/test_auth.py::TestMe::test_me_requires_auth PASSED                 [ 35%]
tests/test_auth.py::TestMe::test_me_invalid_token PASSED                 [ 36%]
tests/test_export.py::TestCSVExport::test_csv_download_returns_200 PASSED [ 38%]
tests/test_export.py::TestCSVExport::test_csv_contains_correct_rows PASSED [ 40%]
tests/test_export.py::TestCSVExport::test_csv_filter_by_type PASSED      [ 41%]
tests/test_export.py::TestCSVExport::test_viewer_cannot_export PASSED    [ 43%]
tests/test_export.py::TestJSONExport::test_json_download_returns_200 PASSED [ 45%]
tests/test_export.py::TestJSONExport::test_json_content_is_valid PASSED  [ 46%]
tests/test_export.py::TestJSONExport::test_json_filter_by_category PASSED [ 48%]
tests/test_transactions.py::TestCreateTransaction::test_admin_can_create PASSED [ 50%]
tests/test_transactions.py::TestCreateTransaction::test_category_is_titlecased PASSED [ 51%]
tests/test_transactions.py::TestCreateTransaction::test_viewer_cannot_create PASSED [ 53%]
tests/test_transactions.py::TestCreateTransaction::test_analyst_cannot_create PASSED [ 55%]
tests/test_transactions.py::TestCreateTransaction::test_negative_amount_rejected PASSED [ 56%]
tests/test_transactions.py::TestCreateTransaction::test_zero_amount_rejected PASSED [ 58%]
tests/test_transactions.py::TestCreateTransaction::test_invalid_type_rejected PASSED [ 60%]
tests/test_transactions.py::TestCreateTransaction::test_unauthenticated_cannot_create PASSED [ 61%]
tests/test_transactions.py::TestReadTransaction::test_viewer_can_list FAILED [ 63%]
tests/test_transactions.py::TestReadTransaction::test_viewer_can_get_by_id FAILED [ 65%]
tests/test_transactions.py::TestReadTransaction::test_get_nonexistent_returns_404 PASSED [ 66%]
tests/test_transactions.py::TestReadTransaction::test_pagination PASSED  [ 68%]
tests/test_transactions.py::TestFiltering::test_analyst_can_filter_by_type PASSED [ 70%]
tests/test_transactions.py::TestFiltering::test_analyst_can_filter_by_category FAILED [ 71%]
tests/test_transactions.py::TestFiltering::test_analyst_can_filter_by_date_range FAILED [ 73%]
tests/test_transactions.py::TestFiltering::test_viewer_cannot_filter PASSED [ 75%]
tests/test_transactions.py::TestUpdateTransaction::test_admin_can_update PASSED [ 76%]
tests/test_transactions.py::TestUpdateTransaction::test_partial_update_preserves_other_fields PASSED [ 78%]
tests/test_transactions.py::TestUpdateTransaction::test_empty_patch_returns_400 PASSED [ 80%]
tests/test_transactions.py::TestUpdateTransaction::test_viewer_cannot_update PASSED [ 81%]
tests/test_transactions.py::TestDeleteTransaction::test_admin_can_delete PASSED [ 83%]
tests/test_transactions.py::TestDeleteTransaction::test_delete_nonexistent_returns_404 PASSED [ 85%]
tests/test_transactions.py::TestDeleteTransaction::test_analyst_cannot_delete PASSED [ 86%]
tests/test_users.py::TestListUsers::test_admin_can_list_users PASSED     [ 88%]
tests/test_users.py::TestListUsers::test_viewer_cannot_list_users PASSED [ 90%]
tests/test_users.py::TestListUsers::test_analyst_cannot_list_users PASSED [ 91%]
tests/test_users.py::TestUpdateRole::test_admin_can_change_role PASSED   [ 93%]
tests/test_users.py::TestUpdateRole::test_admin_cannot_change_own_role PASSED [ 95%]
tests/test_users.py::TestUpdateRole::test_update_nonexistent_user PASSED [ 96%]
tests/test_users.py::TestDeleteUser::test_admin_can_delete_user PASSED   [ 98%]
tests/test_users.py::TestDeleteUser::test_admin_cannot_self_delete PASSED [100%]

================================== FAILURES ===================================
___________________ TestSummary.test_summary_correct_values ___________________
tests\test_analytics.py:31: in test_summary_correct_values
    assert data["total_income"]    == 180000.0
E   assert 0.0 == 180000.0
_______________ TestCategoryBreakdown.test_breakdown_structure ________________
tests\test_analytics.py:66: in test_breakdown_structure
    assert "Salary" in income_cats
E   AssertionError: assert 'Salary' in {}
______________ TestCategoryBreakdown.test_percentages_sum_to_100 ______________
tests\test_analytics.py:78: in test_percentages_sum_to_100
    assert abs(total_pct - 100.0) < 0.1   # floating point tolerance
    ^^^^^^^^^^^^^^^^^^^^^^^^^^^^^^^^^^^
E   assert 100.0 < 0.1
E    +  where 100.0 = abs((0 - 100.0))
________________ TestMonthlyTotals.test_monthly_values_correct ________________
tests\test_analytics.py:95: in test_monthly_values_correct
    jan = months[(2025, 1)]
          ^^^^^^^^^^^^^^^^^
E   KeyError: (2025, 1)
__________________ TestReadTransaction.test_viewer_can_list ___________________
tests\test_transactions.py:63: in test_viewer_can_list
    assert len(resp.json()) == 1
E   assert 0 == 1
E    +  where 0 = len([])
E    +    where [] = json()
E    +      where json = <Response [200 OK]>.json
________________ TestReadTransaction.test_viewer_can_get_by_id ________________
tests\test_transactions.py:70: in test_viewer_can_get_by_id
    assert resp.status_code == 200
E   assert 404 == 200
E    +  where 404 = <Response [404 Not Found]>.status_code
______________ TestFiltering.test_analyst_can_filter_by_category ______________
tests\test_transactions.py:100: in test_analyst_can_filter_by_category
    assert len(resp.json()) == 1
E   assert 0 == 1
E    +  where 0 = len([])
E    +    where [] = json()
E    +      where json = <Response [200 OK]>.json
_____________ TestFiltering.test_analyst_can_filter_by_date_range _____________
tests\test_transactions.py:112: in test_analyst_can_filter_by_date_range
    assert len(resp.json()) == 1
E   assert 0 == 1
E    +  where 0 = len([])
E    +    where [] = json()
E    +      where json = <Response [200 OK]>.json
=========================== short test summary info ===========================
FAILED tests/test_analytics.py::TestSummary::test_summary_correct_values - as...
FAILED tests/test_analytics.py::TestCategoryBreakdown::test_breakdown_structure
FAILED tests/test_analytics.py::TestCategoryBreakdown::test_percentages_sum_to_100
FAILED tests/test_analytics.py::TestMonthlyTotals::test_monthly_values_correct
FAILED tests/test_transactions.py::TestReadTransaction::test_viewer_can_list
FAILED tests/test_transactions.py::TestReadTransaction::test_viewer_can_get_by_id
FAILED tests/test_transactions.py::TestFiltering::test_analyst_can_filter_by_category
FAILED tests/test_transactions.py::TestFiltering::test_analyst_can_filter_by_date_range
======================== 8 failed, 52 passed in 42.91s ========================
